
> vite_react_shadcn_ts@0.0.0 build
> vite build

node.exe : [31mfailed to load config from 
C:\Users\Gab\OneDrive\Desktop\my 
projects\callpro\corpweb\spark-reach-core\vite.config.ts[39m
At C:\Users\Gab\AppData\Roaming\npm\npm.ps1:24 char:5
+     & "node$exe"  "$basedir/node_modules/npm/bin/npm-cli.js" 
$args
+     
~~~~~~~~~~~~~~~~~~~~~~~~~~~~~~~~~~~~~~~~~~~~~~~~~~~~~~~~~~~~~~
    + CategoryInfo          : NotSpecified: ([31mfailed to ....c 
   onfig.ts[39m:String) [], RemoteException
    + FullyQualifiedErrorId : NativeCommandError
 
[31merror during build:
ReferenceError: require is not defined in ES module scope, you 
can use import instead
    at file:///C:/Users/Gab/OneDrive/Desktop/my%20projects/callpro
/corpweb/spark-reach-core/node_modules/vite-plugin-prerender/dist/
index.mjs:6:21
    at ModuleJob.run (node:internal/modules/esm/module_job:345:25)
    at async onImport.tracePromise.__proto__ 
(node:internal/modules/esm/loader:651:26)
    at async loadConfigFromBundledFile (file:///C:/Users/Gab/OneDr
ive/Desktop/my%20projects/callpro/corpweb/spark-reach-core/node_mo
dules/vite/dist/node/chunks/dep-BK3b2jBa.js:66975:15)
    at async loadConfigFromFile (file:///C:/Users/Gab/OneDrive/Des
ktop/my%20projects/callpro/corpweb/spark-reach-core/node_modules/v
ite/dist/node/chunks/dep-BK3b2jBa.js:66816:24)
    at async resolveConfig (file:///C:/Users/Gab/OneDrive/Desktop/
my%20projects/callpro/corpweb/spark-reach-core/node_modules/vite/d
ist/node/chunks/dep-BK3b2jBa.js:66416:24)
    at async build (file:///C:/Users/Gab/OneDrive/Desktop/my%20pro
jects/callpro/corpweb/spark-reach-core/node_modules/vite/dist/node
/chunks/dep-BK3b2jBa.js:65503:18)
    at async CAC.<anonymous> (file:///C:/Users/Gab/OneDrive/Deskto
p/my%20projects/callpro/corpweb/spark-reach-core/node_modules/vite
/dist/node/cli.js:829:5)[39m
